// Jest Snapshot v1, https://goo.gl/fbAQLP

exports[`PageContainer should match the snapshot with all data passed in correctly 1`] = `
<section
  className="planet-container"
>
  <img
    alt="Planet"
    className="planet-img"
    src="google.com"
  />
  <div
    className="planet-fact"
  >
    Closest to the sun.
    <p>
      Fact courtesy of 
      <a
        href="space.com"
        target="_blank"
      >
        space.com
      </a>
      .
    </p>
    <Connect(WeightForm)
      calculateWeight={[MockFunction]}
      multiplier={2}
    />
  </div>
</section>
`;
