// Jest Snapshot v1, https://goo.gl/fbAQLP

exports[`Header should match the snapshot with all data passed in correctly 1`] = `
<Fragment>
  <h1>
    Galactic Neighborhood
  </h1>
  <header
    className="header"
  >
    <NavLink
      activeClassName="active"
      className="nav-link"
      exact={true}
      onClick={[Function]}
      to="/"
    >
      Home
    </NavLink>
    <NavLink
      activeClassName="active"
      className="nav-link"
      onClick={[Function]}
      to="/mercury"
    >
      Mercury
    </NavLink>
    <NavLink
      activeClassName="active"
      className="nav-link"
      onClick={[Function]}
      to="/venus"
    >
      Venus
    </NavLink>
    <NavLink
      activeClassName="active"
      className="nav-link"
      onClick={[Function]}
      to="/earth"
    >
      Earth
    </NavLink>
    <NavLink
      activeClassName="active"
      className="nav-link"
      onClick={[Function]}
      to="/mars"
    >
      Mars
    </NavLink>
    <NavLink
      activeClassName="active"
      className="nav-link"
      onClick={[Function]}
      to="/jupiter"
    >
      Jupiter
    </NavLink>
    <NavLink
      activeClassName="active"
      className="nav-link"
      onClick={[Function]}
      to="/saturn"
    >
      Saturn
    </NavLink>
    <NavLink
      activeClassName="active"
      className="nav-link"
      onClick={[Function]}
      to="/uranus"
    >
      Uranus
    </NavLink>
    <NavLink
      activeClassName="active"
      className="nav-link"
      onClick={[Function]}
      to="/neptune"
    >
      Neptune
    </NavLink>
    <NavLink
      activeClassName="active"
      className="nav-link"
      onClick={[Function]}
      to="/pluto"
    >
      Pluto
    </NavLink>
  </header>
</Fragment>
`;
